// Vitest Snapshot v1, https://vitest.dev/guide/snapshot.html

exports[`SubGenerator bootstrap-application of quarkus JHipster blueprint > run > should succeed 1`] = `
{
  ".yo-rc.json": {
    "stateCleared": "modified",
  },
}
`;
